// Vitest Snapshot v1, https://vitest.dev/guide/snapshot.html

exports[`Loading Component > matches snapshot 1`] = `
<div>
  Cargando...
</div>
`;
