// Vitest Snapshot v1, https://vitest.dev/guide/snapshot.html

exports[`NoResults Component > matches snapshot 1`] = `
<div>
  <p>
    No hay resultados
  </p>
</div>
`;
