// Vitest Snapshot v1, https://vitest.dev/guide/snapshot.html

exports[`WeatherCard Component > matches snapshot 1`] = `
<div>
  <div
    class="MuiPaper-root MuiPaper-elevation MuiPaper-rounded MuiPaper-elevation1 MuiCard-root css-bhp9pd-MuiPaper-root-MuiCard-root"
    data-testid="weather-card"
  >
    <div
      class="MuiCardContent-root css-46bh2p-MuiCardContent-root"
    >
      <div
        class="sc-dkjKgF hzxYih"
      >
        <h4>
           City Name 
        </h4>
      </div>
      <div
        class="sc-hLclGa eqCwFX"
      >
        <div>
          Icon
        </div>
        <h5>
           Sunny 
        </h5>
      </div>
      <hr />
      <div
        class="sc-eDnVMP jKGaQK"
      >
        <p>
          MAX: 30 °C
        </p>
        <p>
          MIN: 20 °C
        </p>
      </div>
    </div>
  </div>
</div>
`;
